Component: ARM Compiler 5.06 update 5 (build 528) Tool: armlink [4d35e2]

==============================================================================

Section Cross References

    exercise12.o(MyCode) refers to start.o(Start) for Startup
    exercise12.o(MyCode) refers to exercise12.o(MyData) for Score
    exercise12.o(MyCode) refers to exercise12.o(MyConst) for Welcome
    exercise12.o(RESET) refers to start.o(.ARM.__at_0x1FFFE000) for __initial_sp
    exercise12.o(RESET) refers to exercise12.o(MyCode) for Reset_Handler
    exercise12.o(RESET) refers to start.o(Start) for Dummy_Handler
    exercise12.o(RESET) refers to hardfault_lcd.o(HardFaultLCD) for HardFault_Handler


==============================================================================

Image Symbol Table

    Local Symbols

    Symbol Name                              Value     Ov Type        Size  Object(Section)

    RESET                                    0x00000000   Section      192  exercise12.o(RESET)
    Exercise12.s                             0x00000000   Number         0  exercise12.o ABSOLUTE
    HardFault_LCD.s                          0x00000000   Number         0  hardfault_lcd.o ABSOLUTE
    Start.s                                  0x00000000   Number         0  start.o ABSOLUTE
    .ARM.__at_0xC0                           0x000000c0   Section       64  start.o(.ARM.__at_0xC0)
    HardFaultLCD                             0x00000100   Section      408  hardfault_lcd.o(HardFaultLCD)
    LCD_WF_Config                            0x0000018c   Data           0  hardfault_lcd.o(HardFaultLCD)
    LCD_WF_FRONTPLANE_PINS                   0x00000208   Data           0  hardfault_lcd.o(HardFaultLCD)
    LCD_DIGITS                               0x00000228   Data           0  hardfault_lcd.o(HardFaultLCD)
    Start                                    0x00000298   Section      252  start.o(Start)
    SystemInit                               0x000002a7   Thumb Code    54  start.o(Start)
    SetClock48MHz                            0x000002dd   Thumb Code   140  start.o(Start)
    .ARM.__at_0x400                          0x00000400   Section       16  start.o(.ARM.__at_0x400)
    MyCode                                   0x00000410   Section     1616  exercise12.o(MyCode)
    Init_UART0_IRQ                           0x00000625   Thumb Code   150  exercise12.o(MyCode)
    UART0_ISR                                0x000006bb   Thumb Code    60  exercise12.o(MyCode)
    Init_PIT_IRQ                             0x000006f7   Thumb Code    64  exercise12.o(MyCode)
    PIT_ISR                                  0x00000737   Thumb Code    32  exercise12.o(MyCode)
    Init_LED                                 0x00000757   Thumb Code    40  exercise12.o(MyCode)
    RedEnable                                0x0000077f   Thumb Code    12  exercise12.o(MyCode)
    RedDisable                               0x0000078b   Thumb Code    12  exercise12.o(MyCode)
    GreenEnable                              0x00000797   Thumb Code    12  exercise12.o(MyCode)
    GreenDisable                             0x000007a3   Thumb Code    12  exercise12.o(MyCode)
    RandomGen                                0x000007af   Thumb Code    14  exercise12.o(MyCode)
    GetInput                                 0x000007bd   Thumb Code    40  exercise12.o(MyCode)
    ComputeScore                             0x000007e5   Thumb Code    32  exercise12.o(MyCode)
    GetChar                                  0x00000805   Thumb Code    18  exercise12.o(MyCode)
    PutChar                                  0x00000817   Thumb Code    24  exercise12.o(MyCode)
    NewLine                                  0x0000082f   Thumb Code    16  exercise12.o(MyCode)
    PutStringSB                              0x0000083f   Thumb Code    28  exercise12.o(MyCode)
    PutNumU                                  0x0000085b   Thumb Code    42  exercise12.o(MyCode)
    DIVU                                     0x00000885   Thumb Code    62  exercise12.o(MyCode)
    InitQueue                                0x000008c3   Thumb Code    22  exercise12.o(MyCode)
    Dequeue                                  0x000008d9   Thumb Code    62  exercise12.o(MyCode)
    Enqueue                                  0x00000917   Thumb Code    64  exercise12.o(MyCode)
    MyConst                                  0x00000a60   Section      564  exercise12.o(MyConst)
    Welcome                                  0x00000a60   Data          50  exercise12.o(MyConst)
    Instruct1                                0x00000a92   Data          54  exercise12.o(MyConst)
    Instruct2                                0x00000ac8   Data          54  exercise12.o(MyConst)
    Instruct3                                0x00000afe   Data          57  exercise12.o(MyConst)
    Instruct4                                0x00000b37   Data          40  exercise12.o(MyConst)
    Instruct5                                0x00000b5f   Data          66  exercise12.o(MyConst)
    Instruct6                                0x00000ba1   Data          35  exercise12.o(MyConst)
    CorrectMsg                               0x00000bc4   Data          23  exercise12.o(MyConst)
    WrongMsg                                 0x00000bdb   Data           9  exercise12.o(MyConst)
    OutOfTimeMsg                             0x00000be4   Data          28  exercise12.o(MyConst)
    NoneMsg                                  0x00000c00   Data           5  exercise12.o(MyConst)
    RedMsg                                   0x00000c05   Data           4  exercise12.o(MyConst)
    GreenMsg                                 0x00000c09   Data           6  exercise12.o(MyConst)
    BothMsg                                  0x00000c0f   Data           5  exercise12.o(MyConst)
    ThanksMsg                                0x00000c14   Data          61  exercise12.o(MyConst)
    ScoreMsg                                 0x00000c51   Data          17  exercise12.o(MyConst)
    ReplayMsg                                0x00000c62   Data          36  exercise12.o(MyConst)
    GoodbyeMsg                               0x00000c86   Data           9  exercise12.o(MyConst)
    RightArrow                               0x00000c8f   Data           2  exercise12.o(MyConst)
    .ARM.__at_0x1FFFE000                     0x1fffe000   Section      256  start.o(.ARM.__at_0x1FFFE000)
    MyData                                   0x1fffe100   Section      292  exercise12.o(MyData)
    Score                                    0x1fffe100   Data           4  exercise12.o(MyData)
    Count                                    0x1fffe104   Data           4  exercise12.o(MyData)
    RunStopWatch                             0x1fffe108   Data           1  exercise12.o(MyData)
    RxQueue                                  0x1fffe15c   Data          80  exercise12.o(MyData)
    RxQRecord                                0x1fffe1ac   Data          18  exercise12.o(MyData)
    TxQueue                                  0x1fffe1c0   Data          80  exercise12.o(MyData)
    TxQRecord                                0x1fffe210   Data          18  exercise12.o(MyData)

    Global Symbols

    Symbol Name                              Value     Ov Type        Size  Object(Section)

    BuildAttributes$$THM_ISAv3M$S$PE$A:L22$X:L11$S22$IEEE1$IW$USESV6$~STKCKD$USESV7$~SHL$OSPACE$EBA8$STANDARDLIB$EABIv2 0x00000000   Number         0  anon$$obj.o ABSOLUTE
    __Vectors                                0x00000000   Data           0  exercise12.o(RESET)
    __Vectors_End                            0x000000c0   Data           0  exercise12.o(RESET)
    __Vectors_Size                           0x000000c0   Number         0  exercise12.o ABSOLUTE
    HardFault_Handler                        0x00000101   Thumb Code    16  hardfault_lcd.o(HardFaultLCD)
    InitLCD                                  0x00000111   Thumb Code   124  hardfault_lcd.o(HardFaultLCD)
    LCD_PutHex                               0x000001cd   Thumb Code    44  hardfault_lcd.o(HardFaultLCD)
    Startup                                  0x00000299   Thumb Code    14  start.o(Start)
    Dummy_Handler                            0x00000369   Thumb Code     2  start.o(Start)
    Reset_Handler                            0x00000411   Thumb Code   532  exercise12.o(MyCode)
    __initial_sp                             0x1fffe100   Data           0  start.o(.ARM.__at_0x1FFFE000)



==============================================================================

Memory Map of the image

  Image Entry point : 0x00000411

  Load Region LR_1 (Base: 0x00000000, Size: 0x00000eb8, Max: 0xffffffff, ABSOLUTE)

    Execution Region ER_RO (Exec base: 0x00000000, Load base: 0x00000000, Size: 0x00000c94, Max: 0xffffffff, ABSOLUTE)

    Exec Addr    Load Addr    Size         Type   Attr      Idx    E Section Name        Object

    0x00000000   0x00000000   0x000000c0   Data   RO            2    RESET               exercise12.o
    0x000000c0   0x000000c0   0x00000040   Data   RO           15    .ARM.__at_0xC0      start.o
    0x00000100   0x00000100   0x00000198   Code   RO           10    HardFaultLCD        hardfault_lcd.o
    0x00000298   0x00000298   0x000000fc   Code   RO           14    Start               start.o
    0x00000394   0x00000394   0x0000006c   PAD
    0x00000400   0x00000400   0x00000010   Code   RO           16    .ARM.__at_0x400     start.o
    0x00000410   0x00000410   0x00000650   Code   RO            1  * MyCode              exercise12.o
    0x00000a60   0x00000a60   0x00000234   Data   RO            3    MyConst             exercise12.o


    Execution Region ER_RW (Exec base: 0x1fffe000, Load base: 0x00000c94, Size: 0x00000224, Max: 0xffffffff, ABSOLUTE)

    Exec Addr    Load Addr    Size         Type   Attr      Idx    E Section Name        Object

    0x1fffe000   0x00000c94   0x00000100   Data   RW           17    .ARM.__at_0x1FFFE000  start.o
    0x1fffe100   0x00000d94   0x00000124   Data   RW            4    MyData              exercise12.o


    Execution Region ER_ZI (Exec base: 0x1fffe224, Load base: 0x00000eb8, Size: 0x00000000, Max: 0xffffffff, ABSOLUTE)

    **** No section assigned to this execution region ****


==============================================================================

Image component sizes


      Code (inc. data)   RO Data    RW Data    ZI Data      Debug   Object Name

      1616        322        756        292          0       2064   exercise12.o
       408        224          0          0          0        580   hardfault_lcd.o
       268         58         64        256          0        832   start.o

    ----------------------------------------------------------------------
      2400        712        820        548          0       3476   Object Totals
         0          0          0          0          0          0   (incl. Generated)
       108        108          0          0          0          0   (incl. Padding)

    ----------------------------------------------------------------------
         0          0          0          0          0          0   Library Totals
         0          0          0          0          0          0   (incl. Padding)

    ----------------------------------------------------------------------

==============================================================================


      Code (inc. data)   RO Data    RW Data    ZI Data      Debug   

      2400        712        820        548          0       3268   Grand Totals
      2400        712        820        548          0       3268   ELF Image Totals
      2400        712        820        548          0          0   ROM Totals

==============================================================================

    Total RO  Size (Code + RO Data)                 3220 (   3.14kB)
    Total RW  Size (RW Data + ZI Data)               548 (   0.54kB)
    Total ROM Size (Code + RO Data + RW Data)       3768 (   3.68kB)

==============================================================================

